[2026-09-02 10:48:23] >>> StartAnalysisAsync entered
[2026-09-02 10:48:23] >>> [安全] 引擎完整性检查通过
[2026-09-02 10:48:23] 💻 硬件评估层级: [Extreme]
[2026-09-02 10:48:23] ⚠️ 管理员权限：未获取 - 部分功能受限
[2026-09-02 10:48:23] >>> 正在执行分析...
[2026-09-02 10:48:23] >>> 启动智能诊断与自主修复模式引擎...
[2026-09-02 10:48:24] [安全守卫] 正在初始化 (第 1 次)...
[2026-09-02 10:48:25] [安全守卫] baseForGuard: G:\PowerShellBat\AURORA-Analyzer\AURORA-Analyzer-Factory-Dev\AURORA-Analyzer-Factory\Update\Scripts\Engines
[2026-09-02 10:48:25] [安全守卫] rootDir: G:\PowerShellBat\AURORA-Analyzer\AURORA-Analyzer-Factory-Dev\AURORA-Analyzer-Factory\Update
[2026-09-02 10:48:25] [安全守卫] 初始化成功
[2026-09-02 10:48:25] [诊断] 正在执行环境安全扫描...
[2026-09-02 10:48:25] [诊断] 扫描结果: NONE
[2026-09-02 10:48:25] [安全守卫] 启动环境扫描完成 - 安全
[2026-09-02 10:48:25] [安全守卫] 持续性检测已跳过（AuroraGuardSkipMonitoring=true）
[2026-09-02 10:48:25] [安全守卫] WMI 实时监控已跳过（AuroraGuardSkipMonitoring=true）
[2026-09-02 10:48:25] [10:48:25] 🤖 正在初始化 AURORA 智能诊断与自主修复引擎...
[2026-09-02 10:48:26] [10:48:26] 🖥️ 操作系统: Microsoft Windows 11 教育版
[2026-09-02 10:48:26] [10:48:26] ⏱️ 系统连续运行时间: 328.71 小时
[2026-09-02 10:48:26] [10:48:26] ✅ 运行时间达标且未见近期崩溃。
[2026-09-02 10:48:26] 🎯 靶向锁定: 常规 24H 健康巡检 (范围: 09-01 10:48 ~ 09-02 10:48)
[2026-09-02 10:48:26] [10:48:26] ⚡ 正在从内核提取高危日志 (Critical/Error/Warning)...
[2026-09-02 10:48:26] [10:48:26] 🔍 正在从系统实时提取日志...
[2026-09-02 10:48:26] [10:48:26] 📦 成功提取并轻量化 147 条异常事件记录。
[2026-09-02 10:48:26] [10:48:26] 🧠 正在装载并预编译 AURORA-TechData 知识图谱...
[2026-09-02 10:48:27] [10:48:27] Knowledge base cached (56.3 KB)
[2026-09-02 10:48:27] [10:48:27] ✅ 图谱装载完成，激活 205 条诊断规则。开始极速碰撞...
[2026-09-02 10:48:27] [10:48:27] 🎯 碰撞分析完成！发现 3 类已知高危问题。
[2026-09-02 10:48:27] [10:48:27] 
[2026-09-02 10:48:27] ================== [ 靶向自主修复方案 ] ==================
[2026-09-02 10:48:27] [10:48:27] 🚨 [A-022] 服务启动超时
[2026-09-02 10:48:27]    [ 1 ] 查询服务超时事件 (Low) [Admin] [Auth]
[2026-09-02 10:48:27]    [ 2 ] 增加服务超时时间 (Medium) [Admin] [Auth]
[2026-09-02 10:48:27] 🚨 [A-018] 系统时间同步失败
[2026-09-02 10:48:27]    [ 3 ] 强制重新同步时间 (Low) [Admin] [Auth]
[2026-09-02 10:48:27]    [ 4 ] 查看时间源状态 (Low)  [Auto]
[2026-09-02 10:48:27] 🚨 [B-008] 网络适配器驱动重置
[2026-09-02 10:48:27]    [ 5 ] 查询网卡重置事件 (Low) [Admin] [Auth]
[2026-09-02 10:48:27]    [ 6 ] 查看网络适配器 (Low)  [Auto]
[2026-09-02 10:48:27] [10:48:27] 
[2026-09-02 10:48:27] >>> 请在下方输入 [序号] 执行修复，或直接按 [Enter] 退出引擎：
[2026-09-02 10:48:33] >>> 正在终止...
[2026-09-02 10:48:33] [已取消]
[2026-09-02 14:40:59] [syncHash] ElevationAuthorized = false (elevation rejected, state cleaned)
[2026-09-02 14:41:01] [syncHash] ElevationAuthorized = false (elevation rejected, state cleaned)
[2026-09-02 14:46:55] [syncHash] ElevationAuthorized = false (elevation rejected, state cleaned)
