[2026-06-28 10:44:40] Initialized 0 file hashes in whitelist
[2026-06-28 11:13:47] Initialized 0 file hashes in whitelist
[2026-06-28 11:31:55] Initialized 0 file hashes in whitelist
[2026-06-28 11:32:37] EXCEPTION in StartWmiMonitoring: System.Management.ManagementException: 拒绝访问 
StackTrace:
   在 System.Management.ManagementException.ThrowWithExtendedInfo(ManagementStatus errorCode)
   在 System.Management.ManagementEventWatcher.Start()
   在 AURORA.Wpf.Services.IntegrityGuardService.StartWmiMonitoring() 位置 e:\PowerShellBat\AURORA-Analyzer\AURORA-Analyzer-Factory-Dev\AURORA-Analyzer-Factory\AURORA.Wpf\Services\IntegrityGuardService.cs:行号 1137
[2026-06-28 19:07:59] Initialized 0 file hashes in whitelist
[2026-06-28 19:08:51] Initialized 0 file hashes in whitelist
[2026-06-28 19:17:00] Initialized 0 file hashes in whitelist
[2026-06-28 19:20:24] Initialized 0 file hashes in whitelist
[2026-06-28 19:21:46] Initialized 0 file hashes in whitelist
[2026-06-28 19:28:15] Initialized 0 file hashes in whitelist
[2026-06-28 19:28:54] EXCEPTION in StartWmiMonitoring: System.Management.ManagementException: 拒绝访问 
StackTrace:
   在 System.Management.ManagementException.ThrowWithExtendedInfo(ManagementStatus errorCode)
   在 System.Management.ManagementEventWatcher.Start()
   在 AURORA.Wpf.Services.IntegrityGuardService.StartWmiMonitoring() 位置 e:\PowerShellBat\AURORA-Analyzer\AURORA-Analyzer-Factory-Dev\AURORA-Analyzer-Factory\AURORA.Wpf\Services\IntegrityGuardService.cs:行号 1137
[2026-06-28 19:29:00] RecheckEngineIntegrity: file tampering -> FILE_MISSING:CoreEngine
[2026-06-28 19:29:09] RecheckEngineIntegrity: file tampering -> FILE_MISSING:CoreEngine
[2026-06-28 19:29:09] RecheckEngineIntegrity: file tampering -> FILE_MISSING:CoreEngine
[2026-06-28 19:29:10] RecheckEngineIntegrity: file tampering -> FILE_MISSING:CoreEngine
[2026-06-28 19:30:17] RecheckEngineIntegrity: file tampering -> FILE_MISSING:CoreEngine
[2026-06-28 19:30:18] RecheckEngineIntegrity: file tampering -> FILE_MISSING:CoreEngine
[2026-06-28 19:30:19] RecheckEngineIntegrity: file tampering -> FILE_MISSING:CoreEngine
[2026-06-28 19:30:20] RecheckEngineIntegrity: file tampering -> FILE_MISSING:CoreEngine
[2026-06-28 19:30:21] RecheckEngineIntegrity: file tampering -> FILE_MISSING:CoreEngine
[2026-06-28 19:31:15] RecheckEngineIntegrity: file tampering -> FILE_MISSING:CoreEngine
[2026-06-28 23:44:17] Initialized 0 file hashes in whitelist
[2026-06-29 09:57:57] Initialized 0 file hashes in whitelist
[2026-06-29 09:58:43] Initialized 0 file hashes in whitelist
[2026-06-29 10:01:36] EXCEPTION in StartWmiMonitoring: System.Management.ManagementException: 拒绝访问 
StackTrace:
   在 System.Management.ManagementException.ThrowWithExtendedInfo(ManagementStatus errorCode)
   在 System.Management.ManagementEventWatcher.Start()
   在 AURORA.Wpf.Services.IntegrityGuardService.StartWmiMonitoring() 位置 g:\PowerShellBat\AURORA-Analyzer\AURORA-Analyzer-Factory-Dev\AURORA-Analyzer-Factory\AURORA.Wpf\Services\IntegrityGuardService.cs:行号 1137
[2026-06-29 10:01:44] RecheckEngineIntegrity: file tampering -> FILE_MISSING:CoreEngine
[2026-06-29 10:01:47] RecheckEngineIntegrity: file tampering -> FILE_MISSING:CoreEngine
[2026-06-29 10:02:12] Initialized 0 file hashes in whitelist
[2026-06-29 10:04:41] EXCEPTION in StartWmiMonitoring: System.Management.ManagementException: 拒绝访问 
StackTrace:
   在 System.Management.ManagementException.ThrowWithExtendedInfo(ManagementStatus errorCode)
   在 System.Management.ManagementEventWatcher.Start()
   在 AURORA.Wpf.Services.IntegrityGuardService.StartWmiMonitoring() 位置 g:\PowerShellBat\AURORA-Analyzer\AURORA-Analyzer-Factory-Dev\AURORA-Analyzer-Factory\AURORA.Wpf\Services\IntegrityGuardService.cs:行号 1137
[2026-06-29 10:04:46] RecheckEngineIntegrity: file tampering -> FILE_MISSING:CoreEngine
[2026-06-29 10:05:48] Initialized 0 file hashes in whitelist
[2026-06-29 10:06:13] EXCEPTION in StartWmiMonitoring: System.Management.ManagementException: 拒绝访问 
StackTrace:
   在 System.Management.ManagementException.ThrowWithExtendedInfo(ManagementStatus errorCode)
   在 System.Management.ManagementEventWatcher.Start()
   在 AURORA.Wpf.Services.IntegrityGuardService.StartWmiMonitoring() 位置 g:\PowerShellBat\AURORA-Analyzer\AURORA-Analyzer-Factory-Dev\AURORA-Analyzer-Factory\AURORA.Wpf\Services\IntegrityGuardService.cs:行号 1137
[2026-06-29 10:06:21] RecheckEngineIntegrity: file tampering -> FILE_MISSING:CoreEngine
[2026-06-29 10:31:36] Initialized 0 file hashes in whitelist
[2026-06-29 10:32:27] EXCEPTION in StartWmiMonitoring: System.Management.ManagementException: 拒绝访问 
StackTrace:
   在 System.Management.ManagementException.ThrowWithExtendedInfo(ManagementStatus errorCode)
   在 System.Management.ManagementEventWatcher.Start()
   在 AURORA.Wpf.Services.IntegrityGuardService.StartWmiMonitoring() 位置 g:\PowerShellBat\AURORA-Analyzer\AURORA-Analyzer-Factory-Dev\AURORA-Analyzer-Factory\AURORA.Wpf\Services\IntegrityGuardService.cs:行号 1137
[2026-06-29 10:59:19] Initialized 0 file hashes in whitelist
[2026-06-29 11:04:49] Initialized 0 file hashes in whitelist
[2026-06-29 11:08:15] Initialized 0 file hashes in whitelist
[2026-06-29 11:14:28] Initialized 0 file hashes in whitelist
[2026-06-29 11:17:48] Initialized 0 file hashes in whitelist
[2026-06-29 11:40:04] Initialized 0 file hashes in whitelist
[2026-06-29 11:41:54] EXCEPTION in StartWmiMonitoring: System.Management.ManagementException: 拒绝访问 
StackTrace:
   在 System.Management.ManagementException.ThrowWithExtendedInfo(ManagementStatus errorCode)
   在 System.Management.ManagementEventWatcher.Start()
   在 AURORA.Wpf.Services.IntegrityGuardService.StartWmiMonitoring() 位置 g:\PowerShellBat\AURORA-Analyzer\AURORA-Analyzer-Factory-Dev\AURORA-Analyzer-Factory\AURORA.Wpf\Services\IntegrityGuardService.cs:行号 1137
[2026-06-29 11:42:32] RecheckEngineIntegrity: file tampering -> FILE_MISSING:CoreEngine
[2026-06-29 11:42:43] RecheckEngineIntegrity: file tampering -> FILE_MISSING:CoreEngine
[2026-06-29 11:42:43] RecheckEngineIntegrity: file tampering -> FILE_MISSING:CoreEngine
[2026-06-29 11:42:44] RecheckEngineIntegrity: file tampering -> FILE_MISSING:CoreEngine
[2026-06-29 11:42:44] RecheckEngineIntegrity: file tampering -> FILE_MISSING:CoreEngine
[2026-06-29 11:42:45] RecheckEngineIntegrity: file tampering -> FILE_MISSING:CoreEngine
[2026-06-29 11:42:45] RecheckEngineIntegrity: file tampering -> FILE_MISSING:CoreEngine
[2026-06-29 11:42:45] RecheckEngineIntegrity: file tampering -> FILE_MISSING:CoreEngine
[2026-06-29 11:42:45] RecheckEngineIntegrity: file tampering -> FILE_MISSING:CoreEngine
[2026-06-29 11:42:46] RecheckEngineIntegrity: file tampering -> FILE_MISSING:CoreEngine
[2026-06-29 11:42:46] RecheckEngineIntegrity: file tampering -> FILE_MISSING:CoreEngine
[2026-06-29 11:42:46] RecheckEngineIntegrity: file tampering -> FILE_MISSING:CoreEngine
[2026-06-29 11:42:46] RecheckEngineIntegrity: file tampering -> FILE_MISSING:CoreEngine
[2026-06-29 11:42:46] RecheckEngineIntegrity: file tampering -> FILE_MISSING:CoreEngine
[2026-06-29 11:42:47] RecheckEngineIntegrity: file tampering -> FILE_MISSING:CoreEngine
[2026-06-29 11:42:47] RecheckEngineIntegrity: file tampering -> FILE_MISSING:CoreEngine
[2026-06-29 11:42:47] RecheckEngineIntegrity: file tampering -> FILE_MISSING:CoreEngine
[2026-06-29 11:42:47] RecheckEngineIntegrity: file tampering -> FILE_MISSING:CoreEngine
[2026-06-29 11:42:47] RecheckEngineIntegrity: file tampering -> FILE_MISSING:CoreEngine
[2026-06-29 11:42:47] RecheckEngineIntegrity: file tampering -> FILE_MISSING:CoreEngine
[2026-06-29 11:42:48] RecheckEngineIntegrity: file tampering -> FILE_MISSING:CoreEngine
[2026-06-29 12:51:30] Initialized 0 file hashes in whitelist
[2026-06-29 12:52:11] EXCEPTION in StartWmiMonitoring: System.Management.ManagementException: 拒绝访问 
StackTrace:
   在 System.Management.ManagementException.ThrowWithExtendedInfo(ManagementStatus errorCode)
   在 System.Management.ManagementEventWatcher.Start()
   在 AURORA.Wpf.Services.IntegrityGuardService.StartWmiMonitoring() 位置 g:\PowerShellBat\AURORA-Analyzer\AURORA-Analyzer-Factory-Dev\AURORA-Analyzer-Factory\AURORA.Wpf\Services\IntegrityGuardService.cs:行号 1137
[2026-06-29 12:52:19] RecheckEngineIntegrity: file tampering -> FILE_MISSING:CoreEngine
[2026-06-29 12:53:23] Initialized 0 file hashes in whitelist
[2026-06-29 12:54:26] EXCEPTION in StartWmiMonitoring: System.Management.ManagementException: 拒绝访问 
StackTrace:
   在 System.Management.ManagementException.ThrowWithExtendedInfo(ManagementStatus errorCode)
   在 System.Management.ManagementEventWatcher.Start()
   在 AURORA.Wpf.Services.IntegrityGuardService.StartWmiMonitoring() 位置 g:\PowerShellBat\AURORA-Analyzer\AURORA-Analyzer-Factory-Dev\AURORA-Analyzer-Factory\AURORA.Wpf\Services\IntegrityGuardService.cs:行号 1137
[2026-06-29 12:54:33] RecheckEngineIntegrity: file tampering -> FILE_MISSING:CoreEngine
[2026-06-29 13:22:02] Initialized 0 file hashes in whitelist
[2026-06-29 13:22:39] EXCEPTION in StartWmiMonitoring: System.Management.ManagementException: 拒绝访问 
StackTrace:
   在 System.Management.ManagementException.ThrowWithExtendedInfo(ManagementStatus errorCode)
   在 System.Management.ManagementEventWatcher.Start()
   在 AURORA.Wpf.Services.IntegrityGuardService.StartWmiMonitoring() 位置 g:\PowerShellBat\AURORA-Analyzer\AURORA-Analyzer-Factory-Dev\AURORA-Analyzer-Factory\AURORA.Wpf\Services\IntegrityGuardService.cs:行号 1137
[2026-06-29 13:22:44] RecheckEngineIntegrity: file tampering -> FILE_MISSING:CoreEngine
[2026-06-29 13:22:48] Initialized 0 file hashes in whitelist
[2026-06-29 13:23:15] EXCEPTION in StartWmiMonitoring: System.Management.ManagementException: 拒绝访问 
StackTrace:
   在 System.Management.ManagementException.ThrowWithExtendedInfo(ManagementStatus errorCode)
   在 System.Management.ManagementEventWatcher.Start()
   在 AURORA.Wpf.Services.IntegrityGuardService.StartWmiMonitoring() 位置 g:\PowerShellBat\AURORA-Analyzer\AURORA-Analyzer-Factory-Dev\AURORA-Analyzer-Factory\AURORA.Wpf\Services\IntegrityGuardService.cs:行号 1137
[2026-06-29 13:23:23] RecheckEngineIntegrity: file tampering -> FILE_MISSING:CoreEngine
[2026-06-29 13:32:27] Initialized 0 file hashes in whitelist
[2026-06-29 13:32:53] EXCEPTION in StartWmiMonitoring: System.Management.ManagementException: 拒绝访问 
StackTrace:
   在 System.Management.ManagementException.ThrowWithExtendedInfo(ManagementStatus errorCode)
   在 System.Management.ManagementEventWatcher.Start()
   在 AURORA.Wpf.Services.IntegrityGuardService.StartWmiMonitoring() 位置 g:\PowerShellBat\AURORA-Analyzer\AURORA-Analyzer-Factory-Dev\AURORA-Analyzer-Factory\AURORA.Wpf\Services\IntegrityGuardService.cs:行号 1137
[2026-06-29 13:32:56] RecheckEngineIntegrity: file tampering -> FILE_MISSING:CoreEngine
[2026-06-29 13:52:56] Initialized 0 file hashes in whitelist
[2026-06-29 13:58:59] Initialized 0 file hashes in whitelist
[2026-06-29 13:59:38] EXCEPTION in StartWmiMonitoring: System.Management.ManagementException: 拒绝访问 
StackTrace:
   在 System.Management.ManagementException.ThrowWithExtendedInfo(ManagementStatus errorCode)
   在 System.Management.ManagementEventWatcher.Start()
   在 AURORA.Wpf.Services.IntegrityGuardService.StartWmiMonitoring() 位置 g:\PowerShellBat\AURORA-Analyzer\AURORA-Analyzer-Factory-Dev\AURORA-Analyzer-Factory\AURORA.Wpf\Services\IntegrityGuardService.cs:行号 1145
[2026-06-29 14:00:25] RecheckEngineIntegrity: file tampering -> FILE_MISSING:CoreEngine
[2026-06-29 14:01:32] Initialized 0 file hashes in whitelist
[2026-06-29 14:02:07] EXCEPTION in StartWmiMonitoring: System.Management.ManagementException: 拒绝访问 
StackTrace:
   在 System.Management.ManagementException.ThrowWithExtendedInfo(ManagementStatus errorCode)
   在 System.Management.ManagementEventWatcher.Start()
   在 AURORA.Wpf.Services.IntegrityGuardService.StartWmiMonitoring() 位置 g:\PowerShellBat\AURORA-Analyzer\AURORA-Analyzer-Factory-Dev\AURORA-Analyzer-Factory\AURORA.Wpf\Services\IntegrityGuardService.cs:行号 1145
[2026-06-29 14:02:15] RecheckEngineIntegrity: file tampering -> FILE_MISSING:CoreEngine
[2026-06-29 14:03:07] Initialized 0 file hashes in whitelist
[2026-06-29 14:03:31] EXCEPTION in StartWmiMonitoring: System.Management.ManagementException: 拒绝访问 
StackTrace:
   在 System.Management.ManagementException.ThrowWithExtendedInfo(ManagementStatus errorCode)
   在 System.Management.ManagementEventWatcher.Start()
   在 AURORA.Wpf.Services.IntegrityGuardService.StartWmiMonitoring() 位置 g:\PowerShellBat\AURORA-Analyzer\AURORA-Analyzer-Factory-Dev\AURORA-Analyzer-Factory\AURORA.Wpf\Services\IntegrityGuardService.cs:行号 1145
[2026-06-29 14:03:35] RecheckEngineIntegrity: file tampering -> FILE_MISSING:CoreEngine
[2026-06-29 14:09:42] Initialized 0 file hashes in whitelist
[2026-06-29 14:10:16] EXCEPTION in StartWmiMonitoring: System.Management.ManagementException: 拒绝访问 
StackTrace:
   在 System.Management.ManagementException.ThrowWithExtendedInfo(ManagementStatus errorCode)
   在 System.Management.ManagementEventWatcher.Start()
   在 AURORA.Wpf.Services.IntegrityGuardService.StartWmiMonitoring() 位置 g:\PowerShellBat\AURORA-Analyzer\AURORA-Analyzer-Factory-Dev\AURORA-Analyzer-Factory\AURORA.Wpf\Services\IntegrityGuardService.cs:行号 1186
[2026-06-29 14:10:24] RecheckEngineIntegrity: file tampering -> FILE_MISSING:CoreEngine
[2026-06-29 14:11:24] Initialized 0 file hashes in whitelist
[2026-06-29 14:11:50] EXCEPTION in StartWmiMonitoring: System.Management.ManagementException: 拒绝访问 
StackTrace:
   在 System.Management.ManagementException.ThrowWithExtendedInfo(ManagementStatus errorCode)
   在 System.Management.ManagementEventWatcher.Start()
   在 AURORA.Wpf.Services.IntegrityGuardService.StartWmiMonitoring() 位置 g:\PowerShellBat\AURORA-Analyzer\AURORA-Analyzer-Factory-Dev\AURORA-Analyzer-Factory\AURORA.Wpf\Services\IntegrityGuardService.cs:行号 1186
[2026-06-29 14:11:56] RecheckEngineIntegrity: file tampering -> FILE_MISSING:CoreEngine
[2026-06-29 16:12:54] Initialized 0 file hashes in whitelist
[2026-06-29 16:14:43] EXCEPTION in StartWmiMonitoring: System.Management.ManagementException: 拒绝访问 
StackTrace:
   在 System.Management.ManagementException.ThrowWithExtendedInfo(ManagementStatus errorCode)
   在 System.Management.ManagementEventWatcher.Start()
   在 AURORA.Wpf.Services.IntegrityGuardService.StartWmiMonitoring() 位置 g:\PowerShellBat\AURORA-Analyzer\AURORA-Analyzer-Factory-Dev\AURORA-Analyzer-Factory\AURORA.Wpf\Services\IntegrityGuardService.cs:行号 1186
[2026-06-29 16:14:51] RecheckEngineIntegrity: file tampering -> FILE_MISSING:CoreEngine
[2026-06-29 17:04:25] Initialized 0 file hashes in whitelist
[2026-06-29 17:11:29] Initialized 0 file hashes in whitelist
[2026-06-29 17:12:17] EXCEPTION in StartWmiMonitoring: System.Management.ManagementException: 拒绝访问 
StackTrace:
   在 System.Management.ManagementException.ThrowWithExtendedInfo(ManagementStatus errorCode)
   在 System.Management.ManagementEventWatcher.Start()
   在 AURORA.Wpf.Services.IntegrityGuardService.StartWmiMonitoring() 位置 g:\PowerShellBat\AURORA-Analyzer\AURORA-Analyzer-Factory-Dev\AURORA-Analyzer-Factory\AURORA.Wpf\Services\IntegrityGuardService.cs:行号 1186
[2026-06-29 17:12:34] RecheckEngineIntegrity: file tampering -> FILE_MISSING:CoreEngine
[2026-06-29 17:35:29] Initialized 0 file hashes in whitelist
[2026-06-29 17:37:08] EXCEPTION in StartWmiMonitoring: System.Management.ManagementException: 拒绝访问 
StackTrace:
   在 System.Management.ManagementException.ThrowWithExtendedInfo(ManagementStatus errorCode)
   在 System.Management.ManagementEventWatcher.Start()
   在 AURORA.Wpf.Services.IntegrityGuardService.StartWmiMonitoring() 位置 g:\PowerShellBat\AURORA-Analyzer\AURORA-Analyzer-Factory-Dev\AURORA-Analyzer-Factory\AURORA.Wpf\Services\IntegrityGuardService.cs:行号 1186
[2026-06-29 17:37:13] RecheckEngineIntegrity: file tampering -> FILE_MISSING:CoreEngine
[2026-06-29 17:39:05] RecheckEngineIntegrity: file tampering -> FILE_MISSING:CoreEngine
[2026-06-29 21:41:24] Initialized 0 file hashes in whitelist
[2026-06-29 21:53:52] EXCEPTION in StartWmiMonitoring: System.Management.ManagementException: 拒绝访问 
StackTrace:
   在 System.Management.ManagementException.ThrowWithExtendedInfo(ManagementStatus errorCode)
   在 System.Management.ManagementEventWatcher.Start()
   在 AURORA.Wpf.Services.IntegrityGuardService.StartWmiMonitoring() 位置 g:\PowerShellBat\AURORA-Analyzer\AURORA-Analyzer-Factory-Dev\AURORA-Analyzer-Factory\AURORA.Wpf\Services\IntegrityGuardService.cs:行号 1186
[2026-06-29 22:20:00] Initialized 0 file hashes in whitelist
[2026-06-29 22:24:14] Initialized 0 file hashes in whitelist
[2026-06-29 22:25:26] EXCEPTION in StartWmiMonitoring: System.Management.ManagementException: 拒绝访问 
StackTrace:
   在 System.Management.ManagementException.ThrowWithExtendedInfo(ManagementStatus errorCode)
   在 System.Management.ManagementEventWatcher.Start()
   在 AURORA.Wpf.Services.IntegrityGuardService.StartWmiMonitoring() 位置 e:\PowerShellBat\AURORA-Analyzer\AURORA-Analyzer-Factory-Dev\AURORA-Analyzer-Factory\AURORA.Wpf\Services\IntegrityGuardService.cs:行号 1186
[2026-06-29 22:28:16] Initialized 0 file hashes in whitelist
[2026-06-29 22:28:56] EXCEPTION in StartWmiMonitoring: System.Management.ManagementException: 拒绝访问 
StackTrace:
   在 System.Management.ManagementException.ThrowWithExtendedInfo(ManagementStatus errorCode)
   在 System.Management.ManagementEventWatcher.Start()
   在 AURORA.Wpf.Services.IntegrityGuardService.StartWmiMonitoring() 位置 e:\PowerShellBat\AURORA-Analyzer\AURORA-Analyzer-Factory-Dev\AURORA-Analyzer-Factory\AURORA.Wpf\Services\IntegrityGuardService.cs:行号 1186
[2026-06-29 22:34:44] Initialized 0 file hashes in whitelist
[2026-06-29 22:35:28] EXCEPTION in StartWmiMonitoring: System.Management.ManagementException: 拒绝访问 
StackTrace:
   在 System.Management.ManagementException.ThrowWithExtendedInfo(ManagementStatus errorCode)
   在 System.Management.ManagementEventWatcher.Start()
   在 AURORA.Wpf.Services.IntegrityGuardService.StartWmiMonitoring() 位置 e:\PowerShellBat\AURORA-Analyzer\AURORA-Analyzer-Factory-Dev\AURORA-Analyzer-Factory\AURORA.Wpf\Services\IntegrityGuardService.cs:行号 1186
[2026-06-29 22:35:33] Initialized 0 file hashes in whitelist
[2026-06-29 22:36:43] EXCEPTION in StartWmiMonitoring: System.Management.ManagementException: 拒绝访问 
StackTrace:
   在 System.Management.ManagementException.ThrowWithExtendedInfo(ManagementStatus errorCode)
   在 System.Management.ManagementEventWatcher.Start()
   在 AURORA.Wpf.Services.IntegrityGuardService.StartWmiMonitoring() 位置 e:\PowerShellBat\AURORA-Analyzer\AURORA-Analyzer-Factory-Dev\AURORA-Analyzer-Factory\AURORA.Wpf\Services\IntegrityGuardService.cs:行号 1186
[2026-06-29 22:39:17] RecheckEngineIntegrity: file tampering -> FILE_MISSING:CoreEngine
[2026-06-29 22:40:51] Initialized 0 file hashes in whitelist
[2026-06-29 22:47:33] EXCEPTION in StartWmiMonitoring: System.Management.ManagementException: 拒绝访问 
StackTrace:
   在 System.Management.ManagementException.ThrowWithExtendedInfo(ManagementStatus errorCode)
   在 System.Management.ManagementEventWatcher.Start()
   在 AURORA.Wpf.Services.IntegrityGuardService.StartWmiMonitoring() 位置 e:\PowerShellBat\AURORA-Analyzer\AURORA-Analyzer-Factory-Dev\AURORA-Analyzer-Factory\AURORA.Wpf\Services\IntegrityGuardService.cs:行号 1186
[2026-06-29 22:49:41] RecheckEngineIntegrity: file tampering -> FILE_MISSING:CoreEngine
[2026-06-29 22:50:22] Initialized 0 file hashes in whitelist
[2026-06-29 22:52:50] EXCEPTION in StartWmiMonitoring: System.Management.ManagementException: 拒绝访问 
StackTrace:
   在 System.Management.ManagementException.ThrowWithExtendedInfo(ManagementStatus errorCode)
   在 System.Management.ManagementEventWatcher.Start()
   在 AURORA.Wpf.Services.IntegrityGuardService.StartWmiMonitoring() 位置 e:\PowerShellBat\AURORA-Analyzer\AURORA-Analyzer-Factory-Dev\AURORA-Analyzer-Factory\AURORA.Wpf\Services\IntegrityGuardService.cs:行号 1186
[2026-06-29 22:52:57] RecheckEngineIntegrity: file tampering -> FILE_MISSING:CoreEngine
[2026-06-29 22:57:10] Initialized 0 file hashes in whitelist
[2026-06-29 22:58:23] EXCEPTION in StartWmiMonitoring: System.Management.ManagementException: 拒绝访问 
StackTrace:
   在 System.Management.ManagementException.ThrowWithExtendedInfo(ManagementStatus errorCode)
   在 System.Management.ManagementEventWatcher.Start()
   在 AURORA.Wpf.Services.IntegrityGuardService.StartWmiMonitoring() 位置 e:\PowerShellBat\AURORA-Analyzer\AURORA-Analyzer-Factory-Dev\AURORA-Analyzer-Factory\AURORA.Wpf\Services\IntegrityGuardService.cs:行号 1186
[2026-06-29 22:58:29] RecheckEngineIntegrity: file tampering -> FILE_MISSING:CoreEngine
[2026-06-29 23:02:43] Initialized 0 file hashes in whitelist
[2026-06-29 23:03:36] Initialized 0 file hashes in whitelist
[2026-06-29 23:04:50] EXCEPTION in StartWmiMonitoring: System.Management.ManagementException: 拒绝访问 
StackTrace:
   在 System.Management.ManagementException.ThrowWithExtendedInfo(ManagementStatus errorCode)
   在 System.Management.ManagementEventWatcher.Start()
   在 AURORA.Wpf.Services.IntegrityGuardService.StartWmiMonitoring() 位置 e:\PowerShellBat\AURORA-Analyzer\AURORA-Analyzer-Factory-Dev\AURORA-Analyzer-Factory\AURORA.Wpf\Services\IntegrityGuardService.cs:行号 1186
[2026-06-29 23:04:52] RecheckEngineIntegrity: file tampering -> FILE_MISSING:CoreEngine
[2026-06-29 23:08:47] Initialized 0 file hashes in whitelist
[2026-06-29 23:09:46] EXCEPTION in StartWmiMonitoring: System.Management.ManagementException: 拒绝访问 
StackTrace:
   在 System.Management.ManagementException.ThrowWithExtendedInfo(ManagementStatus errorCode)
   在 System.Management.ManagementEventWatcher.Start()
   在 AURORA.Wpf.Services.IntegrityGuardService.StartWmiMonitoring() 位置 e:\PowerShellBat\AURORA-Analyzer\AURORA-Analyzer-Factory-Dev\AURORA-Analyzer-Factory\AURORA.Wpf\Services\IntegrityGuardService.cs:行号 1186
[2026-06-29 23:09:53] RecheckEngineIntegrity: file tampering -> FILE_MISSING:CoreEngine
[2026-06-29 23:19:30] Initialized 0 file hashes in whitelist
[2026-06-29 23:20:33] EXCEPTION in StartWmiMonitoring: System.Management.ManagementException: 拒绝访问 
StackTrace:
   在 System.Management.ManagementException.ThrowWithExtendedInfo(ManagementStatus errorCode)
   在 System.Management.ManagementEventWatcher.Start()
   在 AURORA.Wpf.Services.IntegrityGuardService.StartWmiMonitoring() 位置 e:\PowerShellBat\AURORA-Analyzer\AURORA-Analyzer-Factory-Dev\AURORA-Analyzer-Factory\AURORA.Wpf\Services\IntegrityGuardService.cs:行号 1186
[2026-06-29 23:20:46] RecheckEngineIntegrity: file tampering -> FILE_MISSING:CoreEngine
[2026-06-29 23:29:19] Initialized 0 file hashes in whitelist
[2026-06-29 23:30:02] EXCEPTION in StartWmiMonitoring: System.Management.ManagementException: 拒绝访问 
StackTrace:
   在 System.Management.ManagementException.ThrowWithExtendedInfo(ManagementStatus errorCode)
   在 System.Management.ManagementEventWatcher.Start()
   在 AURORA.Wpf.Services.IntegrityGuardService.StartWmiMonitoring() 位置 e:\PowerShellBat\AURORA-Analyzer\AURORA-Analyzer-Factory-Dev\AURORA-Analyzer-Factory\AURORA.Wpf\Services\IntegrityGuardService.cs:行号 1186
[2026-06-29 23:30:08] RecheckEngineIntegrity: file tampering -> FILE_MISSING:CoreEngine
[2026-06-30 01:17:35] Initialized 0 file hashes in whitelist
[2026-06-30 01:18:11] EXCEPTION in StartWmiMonitoring: System.Management.ManagementException: 拒绝访问 
StackTrace:
   在 System.Management.ManagementException.ThrowWithExtendedInfo(ManagementStatus errorCode)
   在 System.Management.ManagementEventWatcher.Start()
   在 AURORA.Wpf.Services.IntegrityGuardService.StartWmiMonitoring() 位置 e:\PowerShellBat\AURORA-Analyzer\AURORA-Analyzer-Factory-Dev\AURORA-Analyzer-Factory\AURORA.Wpf\Services\IntegrityGuardService.cs:行号 1186
[2026-06-30 01:23:35] Initialized 0 file hashes in whitelist
[2026-06-30 01:24:17] EXCEPTION in StartWmiMonitoring: System.Management.ManagementException: 拒绝访问 
StackTrace:
   在 System.Management.ManagementException.ThrowWithExtendedInfo(ManagementStatus errorCode)
   在 System.Management.ManagementEventWatcher.Start()
   在 AURORA.Wpf.Services.IntegrityGuardService.StartWmiMonitoring() 位置 e:\PowerShellBat\AURORA-Analyzer\AURORA-Analyzer-Factory-Dev\AURORA-Analyzer-Factory\AURORA.Wpf\Services\IntegrityGuardService.cs:行号 1186
[2026-06-30 01:25:46] RecheckEngineIntegrity: file tampering -> FILE_MISSING:CoreEngine
[2026-06-30 01:29:05] RecheckEngineIntegrity: file tampering -> FILE_MISSING:CoreEngine
[2026-06-30 09:15:11] Initialized 0 file hashes in whitelist
[2026-06-30 09:18:06] EXCEPTION in StartWmiMonitoring: System.Management.ManagementException: 拒绝访问 
StackTrace:
   在 System.Management.ManagementException.ThrowWithExtendedInfo(ManagementStatus errorCode)
   在 System.Management.ManagementEventWatcher.Start()
   在 AURORA.Wpf.Services.IntegrityGuardService.StartWmiMonitoring() 位置 e:\PowerShellBat\AURORA-Analyzer\AURORA-Analyzer-Factory-Dev\AURORA-Analyzer-Factory\AURORA.Wpf\Services\IntegrityGuardService.cs:行号 1186
[2026-06-30 09:38:46] Initialized 0 file hashes in whitelist
[2026-06-30 09:40:01] EXCEPTION in StartWmiMonitoring: System.Management.ManagementException: 拒绝访问 
StackTrace:
   在 System.Management.ManagementException.ThrowWithExtendedInfo(ManagementStatus errorCode)
   在 System.Management.ManagementEventWatcher.Start()
   在 AURORA.Wpf.Services.IntegrityGuardService.StartWmiMonitoring() 位置 g:\PowerShellBat\AURORA-Analyzer\AURORA-Analyzer-Factory-Dev\AURORA-Analyzer-Factory\AURORA.Wpf\Services\IntegrityGuardService.cs:行号 1186
[2026-06-30 09:40:07] Initialized 0 file hashes in whitelist
[2026-06-30 09:49:15] Initialized 0 file hashes in whitelist
[2026-06-30 09:52:51] Initialized 0 file hashes in whitelist
[2026-06-30 09:56:09] Initialized 0 file hashes in whitelist
[2026-06-30 10:01:30] Initialized 0 file hashes in whitelist
[2026-06-30 10:04:35] EXCEPTION in StartWmiMonitoring: System.Management.ManagementException: 拒绝访问 
StackTrace:
   在 System.Management.ManagementException.ThrowWithExtendedInfo(ManagementStatus errorCode)
   在 System.Management.ManagementEventWatcher.Start()
   在 AURORA.Wpf.Services.IntegrityGuardService.StartWmiMonitoring() 位置 g:\PowerShellBat\AURORA-Analyzer\AURORA-Analyzer-Factory-Dev\AURORA-Analyzer-Factory\AURORA.Wpf\Services\IntegrityGuardService.cs:行号 1186
[2026-06-30 10:07:55] Initialized 0 file hashes in whitelist
[2026-06-30 10:12:19] Initialized 0 file hashes in whitelist
[2026-06-30 10:15:04] EXCEPTION in StartWmiMonitoring: System.Management.ManagementException: 拒绝访问 
StackTrace:
   在 System.Management.ManagementException.ThrowWithExtendedInfo(ManagementStatus errorCode)
   在 System.Management.ManagementEventWatcher.Start()
   在 AURORA.Wpf.Services.IntegrityGuardService.StartWmiMonitoring() 位置 g:\PowerShellBat\AURORA-Analyzer\AURORA-Analyzer-Factory-Dev\AURORA-Analyzer-Factory\AURORA.Wpf\Services\IntegrityGuardService.cs:行号 1186
[2026-06-30 10:15:23] RecheckEngineIntegrity: file tampering -> FILE_MISSING:CoreEngine
[2026-06-30 10:20:25] Initialized 0 file hashes in whitelist
[2026-06-30 10:22:14] EXCEPTION in StartWmiMonitoring: System.Management.ManagementException: 拒绝访问 
StackTrace:
   在 System.Management.ManagementException.ThrowWithExtendedInfo(ManagementStatus errorCode)
   在 System.Management.ManagementEventWatcher.Start()
   在 AURORA.Wpf.Services.IntegrityGuardService.StartWmiMonitoring() 位置 g:\PowerShellBat\AURORA-Analyzer\AURORA-Analyzer-Factory-Dev\AURORA-Analyzer-Factory\AURORA.Wpf\Services\IntegrityGuardService.cs:行号 1186
[2026-06-30 10:22:20] Initialized 0 file hashes in whitelist
[2026-06-30 10:24:32] Initialized 0 file hashes in whitelist
[2026-06-30 10:51:52] Initialized 0 file hashes in whitelist
[2026-06-30 10:54:53] Initialized 0 file hashes in whitelist
[2026-06-30 10:55:25] EXCEPTION in StartWmiMonitoring: System.Management.ManagementException: 拒绝访问 
StackTrace:
   在 System.Management.ManagementException.ThrowWithExtendedInfo(ManagementStatus errorCode)
   在 System.Management.ManagementEventWatcher.Start()
   在 AURORA.Wpf.Services.IntegrityGuardService.StartWmiMonitoring() 位置 g:\PowerShellBat\AURORA-Analyzer\AURORA-Analyzer-Factory-Dev\AURORA-Analyzer-Factory\AURORA.Wpf\Services\IntegrityGuardService.cs:行号 1186
[2026-06-30 10:57:15] Initialized 0 file hashes in whitelist
[2026-06-30 11:13:10] Initialized 0 file hashes in whitelist
[2026-06-30 11:26:04] Initialized 0 file hashes in whitelist
[2026-06-30 11:28:18] EXCEPTION in StartWmiMonitoring: System.Management.ManagementException: 拒绝访问 
StackTrace:
   在 System.Management.ManagementException.ThrowWithExtendedInfo(ManagementStatus errorCode)
   在 System.Management.ManagementEventWatcher.Start()
   在 AURORA.Wpf.Services.IntegrityGuardService.StartWmiMonitoring() 位置 g:\PowerShellBat\AURORA-Analyzer\AURORA-Analyzer-Factory-Dev\AURORA-Analyzer-Factory\AURORA.Wpf\Services\IntegrityGuardService.cs:行号 1186
[2026-06-30 11:28:25] RecheckEngineIntegrity: file tampering -> FILE_MISSING:CoreEngine
[2026-06-30 11:28:44] Initialized 0 file hashes in whitelist
[2026-06-30 11:31:54] EXCEPTION in StartWmiMonitoring: System.Management.ManagementException: 拒绝访问 
StackTrace:
   在 System.Management.ManagementException.ThrowWithExtendedInfo(ManagementStatus errorCode)
   在 System.Management.ManagementEventWatcher.Start()
   在 AURORA.Wpf.Services.IntegrityGuardService.StartWmiMonitoring() 位置 g:\PowerShellBat\AURORA-Analyzer\AURORA-Analyzer-Factory-Dev\AURORA-Analyzer-Factory\AURORA.Wpf\Services\IntegrityGuardService.cs:行号 1186
[2026-06-30 11:35:16] RecheckEngineIntegrity: file tampering -> FILE_MISSING:CoreEngine
[2026-06-30 11:39:37] Initialized 0 file hashes in whitelist
[2026-06-30 11:42:36] EXCEPTION in StartWmiMonitoring: System.Management.ManagementException: 拒绝访问 
StackTrace:
   在 System.Management.ManagementException.ThrowWithExtendedInfo(ManagementStatus errorCode)
   在 System.Management.ManagementEventWatcher.Start()
   在 AURORA.Wpf.Services.IntegrityGuardService.StartWmiMonitoring() 位置 g:\PowerShellBat\AURORA-Analyzer\AURORA-Analyzer-Factory-Dev\AURORA-Analyzer-Factory\AURORA.Wpf\Services\IntegrityGuardService.cs:行号 1186
[2026-06-30 11:45:51] Initialized 0 file hashes in whitelist
[2026-06-30 11:47:47] EXCEPTION in StartWmiMonitoring: System.Management.ManagementException: 拒绝访问 
StackTrace:
   在 System.Management.ManagementException.ThrowWithExtendedInfo(ManagementStatus errorCode)
   在 System.Management.ManagementEventWatcher.Start()
   在 AURORA.Wpf.Services.IntegrityGuardService.StartWmiMonitoring() 位置 g:\PowerShellBat\AURORA-Analyzer\AURORA-Analyzer-Factory-Dev\AURORA-Analyzer-Factory\AURORA.Wpf\Services\IntegrityGuardService.cs:行号 1186
[2026-06-30 11:48:58] Initialized 0 file hashes in whitelist
[2026-06-30 12:36:48] Initialized 0 file hashes in whitelist
[2026-06-30 12:38:48] EXCEPTION in StartWmiMonitoring: System.Management.ManagementException: 拒绝访问 
StackTrace:
   在 System.Management.ManagementException.ThrowWithExtendedInfo(ManagementStatus errorCode)
   在 System.Management.ManagementEventWatcher.Start()
   在 AURORA.Wpf.Services.IntegrityGuardService.StartWmiMonitoring() 位置 g:\PowerShellBat\AURORA-Analyzer\AURORA-Analyzer-Factory-Dev\AURORA-Analyzer-Factory\AURORA.Wpf\Services\IntegrityGuardService.cs:行号 1186
[2026-06-30 12:39:45] RecheckEngineIntegrity: file tampering -> FILE_MISSING:CoreEngine
[2026-06-30 12:43:27] Initialized 0 file hashes in whitelist
[2026-06-30 12:45:08] EXCEPTION in StartWmiMonitoring: System.Management.ManagementException: 拒绝访问 
StackTrace:
   在 System.Management.ManagementException.ThrowWithExtendedInfo(ManagementStatus errorCode)
   在 System.Management.ManagementEventWatcher.Start()
   在 AURORA.Wpf.Services.IntegrityGuardService.StartWmiMonitoring() 位置 g:\PowerShellBat\AURORA-Analyzer\AURORA-Analyzer-Factory-Dev\AURORA-Analyzer-Factory\AURORA.Wpf\Services\IntegrityGuardService.cs:行号 1186
[2026-06-30 12:48:36] RecheckEngineIntegrity: file tampering -> FILE_MISSING:CoreEngine
[2026-06-30 12:53:20] Initialized 0 file hashes in whitelist
[2026-06-30 12:54:06] EXCEPTION in StartWmiMonitoring: System.Management.ManagementException: 拒绝访问 
StackTrace:
   在 System.Management.ManagementException.ThrowWithExtendedInfo(ManagementStatus errorCode)
   在 System.Management.ManagementEventWatcher.Start()
   在 AURORA.Wpf.Services.IntegrityGuardService.StartWmiMonitoring() 位置 g:\PowerShellBat\AURORA-Analyzer\AURORA-Analyzer-Factory-Dev\AURORA-Analyzer-Factory\AURORA.Wpf\Services\IntegrityGuardService.cs:行号 1186
[2026-06-30 12:54:29] RecheckEngineIntegrity: file tampering -> FILE_MISSING:CoreEngine
[2026-06-30 13:01:08] Initialized 0 file hashes in whitelist
[2026-06-30 13:05:50] EXCEPTION in StartWmiMonitoring: System.Management.ManagementException: 拒绝访问 
StackTrace:
   在 System.Management.ManagementException.ThrowWithExtendedInfo(ManagementStatus errorCode)
   在 System.Management.ManagementEventWatcher.Start()
   在 AURORA.Wpf.Services.IntegrityGuardService.StartWmiMonitoring() 位置 g:\PowerShellBat\AURORA-Analyzer\AURORA-Analyzer-Factory-Dev\AURORA-Analyzer-Factory\AURORA.Wpf\Services\IntegrityGuardService.cs:行号 1186
[2026-06-30 13:06:04] RecheckEngineIntegrity: file tampering -> FILE_MISSING:CoreEngine
[2026-06-30 13:31:40] Initialized 0 file hashes in whitelist
[2026-06-30 13:33:23] Initialized 0 file hashes in whitelist
[2026-06-30 13:34:57] EXCEPTION in StartWmiMonitoring: System.Management.ManagementException: 拒绝访问 
StackTrace:
   在 System.Management.ManagementException.ThrowWithExtendedInfo(ManagementStatus errorCode)
   在 System.Management.ManagementEventWatcher.Start()
   在 AURORA.Wpf.Services.IntegrityGuardService.StartWmiMonitoring() 位置 g:\PowerShellBat\AURORA-Analyzer\AURORA-Analyzer-Factory-Dev\AURORA-Analyzer-Factory\AURORA.Wpf\Services\IntegrityGuardService.cs:行号 1186
[2026-06-30 13:37:15] RecheckEngineIntegrity: file tampering -> FILE_MISSING:CoreEngine
[2026-06-30 13:37:46] RecheckEngineIntegrity: file tampering -> FILE_MISSING:CoreEngine
[2026-06-30 13:46:10] Initialized 0 file hashes in whitelist
[2026-06-30 13:47:31] EXCEPTION in StartWmiMonitoring: System.Management.ManagementException: 拒绝访问 
StackTrace:
   在 System.Management.ManagementException.ThrowWithExtendedInfo(ManagementStatus errorCode)
   在 System.Management.ManagementEventWatcher.Start()
   在 AURORA.Wpf.Services.IntegrityGuardService.StartWmiMonitoring() 位置 g:\PowerShellBat\AURORA-Analyzer\AURORA-Analyzer-Factory-Dev\AURORA-Analyzer-Factory\AURORA.Wpf\Services\IntegrityGuardService.cs:行号 1186
[2026-06-30 13:47:40] RecheckEngineIntegrity: file tampering -> FILE_MISSING:CoreEngine
[2026-06-30 13:48:02] RecheckEngineIntegrity: file tampering -> FILE_MISSING:CoreEngine
[2026-06-30 13:49:24] Initialized 0 file hashes in whitelist
[2026-06-30 13:50:49] EXCEPTION in StartWmiMonitoring: System.Management.ManagementException: 拒绝访问 
StackTrace:
   在 System.Management.ManagementException.ThrowWithExtendedInfo(ManagementStatus errorCode)
   在 System.Management.ManagementEventWatcher.Start()
   在 AURORA.Wpf.Services.IntegrityGuardService.StartWmiMonitoring() 位置 g:\PowerShellBat\AURORA-Analyzer\AURORA-Analyzer-Factory-Dev\AURORA-Analyzer-Factory\AURORA.Wpf\Services\IntegrityGuardService.cs:行号 1186
[2026-06-30 13:51:00] RecheckEngineIntegrity: file tampering -> FILE_MISSING:CoreEngine
[2026-06-30 13:57:52] Initialized 0 file hashes in whitelist
[2026-06-30 14:03:34] Initialized 0 file hashes in whitelist
[2026-06-30 14:05:22] EXCEPTION in StartWmiMonitoring: System.Management.ManagementException: 拒绝访问 
StackTrace:
   在 System.Management.ManagementException.ThrowWithExtendedInfo(ManagementStatus errorCode)
   在 System.Management.ManagementEventWatcher.Start()
   在 AURORA.Wpf.Services.IntegrityGuardService.StartWmiMonitoring() 位置 g:\PowerShellBat\AURORA-Analyzer\AURORA-Analyzer-Factory-Dev\AURORA-Analyzer-Factory\AURORA.Wpf\Services\IntegrityGuardService.cs:行号 1186
[2026-06-30 14:05:27] RecheckEngineIntegrity: file tampering -> FILE_MISSING:CoreEngine
[2026-06-30 14:07:48] Initialized 0 file hashes in whitelist
[2026-06-30 14:09:20] EXCEPTION in StartWmiMonitoring: System.Management.ManagementException: 拒绝访问 
StackTrace:
   在 System.Management.ManagementException.ThrowWithExtendedInfo(ManagementStatus errorCode)
   在 System.Management.ManagementEventWatcher.Start()
   在 AURORA.Wpf.Services.IntegrityGuardService.StartWmiMonitoring() 位置 g:\PowerShellBat\AURORA-Analyzer\AURORA-Analyzer-Factory-Dev\AURORA-Analyzer-Factory\AURORA.Wpf\Services\IntegrityGuardService.cs:行号 1186
[2026-06-30 14:09:24] RecheckEngineIntegrity: file tampering -> FILE_MISSING:CoreEngine
[2026-06-30 14:13:30] Initialized 0 file hashes in whitelist
[2026-06-30 14:15:28] EXCEPTION in StartWmiMonitoring: System.Management.ManagementException: 拒绝访问 
StackTrace:
   在 System.Management.ManagementException.ThrowWithExtendedInfo(ManagementStatus errorCode)
   在 System.Management.ManagementEventWatcher.Start()
   在 AURORA.Wpf.Services.IntegrityGuardService.StartWmiMonitoring() 位置 g:\PowerShellBat\AURORA-Analyzer\AURORA-Analyzer-Factory-Dev\AURORA-Analyzer-Factory\AURORA.Wpf\Services\IntegrityGuardService.cs:行号 1186
[2026-06-30 14:18:49] Initialized 0 file hashes in whitelist
[2026-06-30 14:19:35] EXCEPTION in StartWmiMonitoring: System.Management.ManagementException: 拒绝访问 
StackTrace:
   在 System.Management.ManagementException.ThrowWithExtendedInfo(ManagementStatus errorCode)
   在 System.Management.ManagementEventWatcher.Start()
   在 AURORA.Wpf.Services.IntegrityGuardService.StartWmiMonitoring() 位置 g:\PowerShellBat\AURORA-Analyzer\AURORA-Analyzer-Factory-Dev\AURORA-Analyzer-Factory\AURORA.Wpf\Services\IntegrityGuardService.cs:行号 1186
[2026-06-30 14:19:50] RecheckEngineIntegrity: file tampering -> FILE_MISSING:CoreEngine
[2026-06-30 14:53:01] Initialized 0 file hashes in whitelist
[2026-06-30 14:53:44] EXCEPTION in StartWmiMonitoring: System.Management.ManagementException: 拒绝访问 
StackTrace:
   在 System.Management.ManagementException.ThrowWithExtendedInfo(ManagementStatus errorCode)
   在 System.Management.ManagementEventWatcher.Start()
   在 AURORA.Wpf.Services.IntegrityGuardService.StartWmiMonitoring() 位置 g:\PowerShellBat\AURORA-Analyzer\AURORA-Analyzer-Factory-Dev\AURORA-Analyzer-Factory\AURORA.Wpf\Services\IntegrityGuardService.cs:行号 1186
[2026-06-30 14:54:00] RecheckEngineIntegrity: file tampering -> FILE_MISSING:CoreEngine
[2026-06-30 14:54:23] Initialized 0 file hashes in whitelist
[2026-06-30 14:56:09] EXCEPTION in StartWmiMonitoring: System.Management.ManagementException: 拒绝访问 
StackTrace:
   在 System.Management.ManagementException.ThrowWithExtendedInfo(ManagementStatus errorCode)
   在 System.Management.ManagementEventWatcher.Start()
   在 AURORA.Wpf.Services.IntegrityGuardService.StartWmiMonitoring() 位置 g:\PowerShellBat\AURORA-Analyzer\AURORA-Analyzer-Factory-Dev\AURORA-Analyzer-Factory\AURORA.Wpf\Services\IntegrityGuardService.cs:行号 1186
[2026-06-30 14:56:40] RecheckEngineIntegrity: file tampering -> FILE_MISSING:CoreEngine
[2026-06-30 15:05:02] Initialized 0 file hashes in whitelist
[2026-06-30 15:05:38] EXCEPTION in StartWmiMonitoring: System.Management.ManagementException: 拒绝访问 
StackTrace:
   在 System.Management.ManagementException.ThrowWithExtendedInfo(ManagementStatus errorCode)
   在 System.Management.ManagementEventWatcher.Start()
   在 AURORA.Wpf.Services.IntegrityGuardService.StartWmiMonitoring() 位置 g:\PowerShellBat\AURORA-Analyzer\AURORA-Analyzer-Factory-Dev\AURORA-Analyzer-Factory\AURORA.Wpf\Services\IntegrityGuardService.cs:行号 1186
[2026-06-30 15:05:54] RecheckEngineIntegrity: file tampering -> FILE_MISSING:CoreEngine
[2026-06-30 15:15:39] Initialized 0 file hashes in whitelist
[2026-06-30 15:16:15] EXCEPTION in StartWmiMonitoring: System.Management.ManagementException: 拒绝访问 
StackTrace:
   在 System.Management.ManagementException.ThrowWithExtendedInfo(ManagementStatus errorCode)
   在 System.Management.ManagementEventWatcher.Start()
   在 AURORA.Wpf.Services.IntegrityGuardService.StartWmiMonitoring() 位置 g:\PowerShellBat\AURORA-Analyzer\AURORA-Analyzer-Factory-Dev\AURORA-Analyzer-Factory\AURORA.Wpf\Services\IntegrityGuardService.cs:行号 1186
[2026-06-30 15:16:23] RecheckEngineIntegrity: file tampering -> FILE_MISSING:CoreEngine
[2026-06-30 15:25:55] Initialized 0 file hashes in whitelist
[2026-06-30 15:26:28] EXCEPTION in StartWmiMonitoring: System.Management.ManagementException: 拒绝访问 
StackTrace:
   在 System.Management.ManagementException.ThrowWithExtendedInfo(ManagementStatus errorCode)
   在 System.Management.ManagementEventWatcher.Start()
   在 AURORA.Wpf.Services.IntegrityGuardService.StartWmiMonitoring() 位置 g:\PowerShellBat\AURORA-Analyzer\AURORA-Analyzer-Factory-Dev\AURORA-Analyzer-Factory\AURORA.Wpf\Services\IntegrityGuardService.cs:行号 1186
[2026-06-30 15:26:43] RecheckEngineIntegrity: file tampering -> FILE_MISSING:CoreEngine
[2026-06-30 15:45:11] Initialized 0 file hashes in whitelist
[2026-06-30 15:45:49] EXCEPTION in StartWmiMonitoring: System.Management.ManagementException: 拒绝访问 
StackTrace:
   在 System.Management.ManagementException.ThrowWithExtendedInfo(ManagementStatus errorCode)
   在 System.Management.ManagementEventWatcher.Start()
   在 AURORA.Wpf.Services.IntegrityGuardService.StartWmiMonitoring() 位置 g:\PowerShellBat\AURORA-Analyzer\AURORA-Analyzer-Factory-Dev\AURORA-Analyzer-Factory\AURORA.Wpf\Services\IntegrityGuardService.cs:行号 1186
[2026-06-30 15:46:03] RecheckEngineIntegrity: file tampering -> FILE_MISSING:CoreEngine
[2026-06-30 15:47:43] Initialized 0 file hashes in whitelist
[2026-06-30 15:48:15] EXCEPTION in StartWmiMonitoring: System.Management.ManagementException: 拒绝访问 
StackTrace:
   在 System.Management.ManagementException.ThrowWithExtendedInfo(ManagementStatus errorCode)
   在 System.Management.ManagementEventWatcher.Start()
   在 AURORA.Wpf.Services.IntegrityGuardService.StartWmiMonitoring() 位置 g:\PowerShellBat\AURORA-Analyzer\AURORA-Analyzer-Factory-Dev\AURORA-Analyzer-Factory\AURORA.Wpf\Services\IntegrityGuardService.cs:行号 1186
[2026-06-30 15:48:26] RecheckEngineIntegrity: file tampering -> FILE_MISSING:CoreEngine
[2026-06-30 15:49:08] Initialized 0 file hashes in whitelist
[2026-06-30 15:49:34] EXCEPTION in StartWmiMonitoring: System.Management.ManagementException: 拒绝访问 
StackTrace:
   在 System.Management.ManagementException.ThrowWithExtendedInfo(ManagementStatus errorCode)
   在 System.Management.ManagementEventWatcher.Start()
   在 AURORA.Wpf.Services.IntegrityGuardService.StartWmiMonitoring() 位置 g:\PowerShellBat\AURORA-Analyzer\AURORA-Analyzer-Factory-Dev\AURORA-Analyzer-Factory\AURORA.Wpf\Services\IntegrityGuardService.cs:行号 1186
[2026-06-30 15:49:44] RecheckEngineIntegrity: file tampering -> FILE_MISSING:CoreEngine
[2026-06-30 15:52:37] Initialized 0 file hashes in whitelist
[2026-06-30 15:53:19] EXCEPTION in StartWmiMonitoring: System.Management.ManagementException: 拒绝访问 
StackTrace:
   在 System.Management.ManagementException.ThrowWithExtendedInfo(ManagementStatus errorCode)
   在 System.Management.ManagementEventWatcher.Start()
   在 AURORA.Wpf.Services.IntegrityGuardService.StartWmiMonitoring() 位置 g:\PowerShellBat\AURORA-Analyzer\AURORA-Analyzer-Factory-Dev\AURORA-Analyzer-Factory\AURORA.Wpf\Services\IntegrityGuardService.cs:行号 1186
[2026-06-30 15:53:38] RecheckEngineIntegrity: file tampering -> FILE_MISSING:CoreEngine
[2026-06-30 16:12:51] Initialized 0 file hashes in whitelist
[2026-06-30 16:14:07] EXCEPTION in StartWmiMonitoring: System.Management.ManagementException: 拒绝访问 
StackTrace:
   在 System.Management.ManagementException.ThrowWithExtendedInfo(ManagementStatus errorCode)
   在 System.Management.ManagementEventWatcher.Start()
   在 AURORA.Wpf.Services.IntegrityGuardService.StartWmiMonitoring() 位置 g:\PowerShellBat\AURORA-Analyzer\AURORA-Analyzer-Factory-Dev\AURORA-Analyzer-Factory\AURORA.Wpf\Services\IntegrityGuardService.cs:行号 1186
[2026-06-30 16:15:16] RecheckEngineIntegrity: file tampering -> FILE_MISSING:CoreEngine
[2026-06-30 16:19:04] Initialized 0 file hashes in whitelist
[2026-06-30 16:19:38] EXCEPTION in StartWmiMonitoring: System.Management.ManagementException: 拒绝访问 
StackTrace:
   在 System.Management.ManagementException.ThrowWithExtendedInfo(ManagementStatus errorCode)
   在 System.Management.ManagementEventWatcher.Start()
   在 AURORA.Wpf.Services.IntegrityGuardService.StartWmiMonitoring() 位置 g:\PowerShellBat\AURORA-Analyzer\AURORA-Analyzer-Factory-Dev\AURORA-Analyzer-Factory\AURORA.Wpf\Services\IntegrityGuardService.cs:行号 1186
[2026-06-30 16:34:17] Initialized 0 file hashes in whitelist
[2026-06-30 16:35:23] EXCEPTION in StartWmiMonitoring: System.Management.ManagementException: 拒绝访问 
StackTrace:
   在 System.Management.ManagementException.ThrowWithExtendedInfo(ManagementStatus errorCode)
   在 System.Management.ManagementEventWatcher.Start()
   在 AURORA.Wpf.Services.IntegrityGuardService.StartWmiMonitoring() 位置 g:\PowerShellBat\AURORA-Analyzer\AURORA-Analyzer-Factory-Dev\AURORA-Analyzer-Factory\AURORA.Wpf\Services\IntegrityGuardService.cs:行号 1186
[2026-06-30 16:51:26] Initialized 0 file hashes in whitelist
[2026-06-30 16:52:24] EXCEPTION in StartWmiMonitoring: System.Management.ManagementException: 拒绝访问 
StackTrace:
   在 System.Management.ManagementException.ThrowWithExtendedInfo(ManagementStatus errorCode)
   在 System.Management.ManagementEventWatcher.Start()
   在 AURORA.Wpf.Services.IntegrityGuardService.StartWmiMonitoring() 位置 g:\PowerShellBat\AURORA-Analyzer\AURORA-Analyzer-Factory-Dev\AURORA-Analyzer-Factory\AURORA.Wpf\Services\IntegrityGuardService.cs:行号 1186
[2026-06-30 16:52:39] RecheckEngineIntegrity: file tampering -> FILE_MISSING:CoreEngine
[2026-06-30 17:18:45] Initialized 0 file hashes in whitelist
[2026-06-30 17:19:54] EXCEPTION in StartWmiMonitoring: System.Management.ManagementException: 拒绝访问 
StackTrace:
   在 System.Management.ManagementException.ThrowWithExtendedInfo(ManagementStatus errorCode)
   在 System.Management.ManagementEventWatcher.Start()
   在 AURORA.Wpf.Services.IntegrityGuardService.StartWmiMonitoring() 位置 g:\PowerShellBat\AURORA-Analyzer\AURORA-Analyzer-Factory-Dev\AURORA-Analyzer-Factory\AURORA.Wpf\Services\IntegrityGuardService.cs:行号 1186
[2026-06-30 17:20:35] RecheckEngineIntegrity: file tampering -> FILE_MISSING:CoreEngine
[2026-06-30 17:29:19] Initialized 0 file hashes in whitelist
[2026-06-30 17:30:06] EXCEPTION in StartWmiMonitoring: System.Management.ManagementException: 拒绝访问 
StackTrace:
   在 System.Management.ManagementException.ThrowWithExtendedInfo(ManagementStatus errorCode)
   在 System.Management.ManagementEventWatcher.Start()
   在 AURORA.Wpf.Services.IntegrityGuardService.StartWmiMonitoring() 位置 g:\PowerShellBat\AURORA-Analyzer\AURORA-Analyzer-Factory-Dev\AURORA-Analyzer-Factory\AURORA.Wpf\Services\IntegrityGuardService.cs:行号 1186
[2026-06-30 17:30:18] RecheckEngineIntegrity: file tampering -> FILE_MISSING:CoreEngine
[2026-06-30 17:35:10] Initialized 0 file hashes in whitelist
[2026-06-30 17:35:34] WMI real-time process monitoring started (zero-delay)
[2026-06-30 17:35:39] RecheckEngineIntegrity: file tampering -> FILE_MISSING:CoreEngine
[2026-06-30 17:48:32] Initialized 0 file hashes in whitelist
[2026-06-30 17:49:18] EXCEPTION in StartWmiMonitoring: System.Management.ManagementException: 拒绝访问 
StackTrace:
   在 System.Management.ManagementException.ThrowWithExtendedInfo(ManagementStatus errorCode)
   在 System.Management.ManagementEventWatcher.Start()
   在 AURORA.Wpf.Services.IntegrityGuardService.StartWmiMonitoring() 位置 g:\PowerShellBat\AURORA-Analyzer\AURORA-Analyzer-Factory-Dev\AURORA-Analyzer-Factory\AURORA.Wpf\Services\IntegrityGuardService.cs:行号 1186
[2026-06-30 17:49:36] RecheckEngineIntegrity: file tampering -> FILE_MISSING:CoreEngine
[2026-06-30 22:16:25] Initialized 0 file hashes in whitelist
[2026-06-30 22:17:58] EXCEPTION in StartWmiMonitoring: System.Management.ManagementException: 拒绝访问 
StackTrace:
   在 System.Management.ManagementException.ThrowWithExtendedInfo(ManagementStatus errorCode)
   在 System.Management.ManagementEventWatcher.Start()
   在 AURORA.Wpf.Services.IntegrityGuardService.StartWmiMonitoring() 位置 e:\PowerShellBat\AURORA-Analyzer\AURORA-Analyzer-Factory-Dev\AURORA-Analyzer-Factory\AURORA.Wpf\Services\IntegrityGuardService.cs:行号 1186
[2026-06-30 22:18:28] RecheckEngineIntegrity: file tampering -> FILE_MISSING:CoreEngine
[2026-06-30 22:33:05] Initialized 0 file hashes in whitelist
[2026-06-30 22:33:37] Initialized 0 file hashes in whitelist
[2026-06-30 22:50:36] Initialized 0 file hashes in whitelist
[2026-06-30 22:51:22] EXCEPTION in StartWmiMonitoring: System.Management.ManagementException: 拒绝访问 
StackTrace:
   在 System.Management.ManagementException.ThrowWithExtendedInfo(ManagementStatus errorCode)
   在 System.Management.ManagementEventWatcher.Start()
   在 AURORA.Wpf.Services.IntegrityGuardService.StartWmiMonitoring() 位置 e:\PowerShellBat\AURORA-Analyzer\AURORA-Analyzer-Factory-Dev\AURORA-Analyzer-Factory\AURORA.Wpf\Services\IntegrityGuardService.cs:行号 1186
[2026-06-30 22:51:54] RecheckEngineIntegrity: file tampering -> FILE_MISSING:CoreEngine
[2026-06-30 23:33:53] Initialized 0 file hashes in whitelist
[2026-07-01 09:09:16] Initialized 0 file hashes in whitelist
[2026-07-01 09:10:41] EXCEPTION in StartWmiMonitoring: System.Management.ManagementException: 拒绝访问 
StackTrace:
   在 System.Management.ManagementException.ThrowWithExtendedInfo(ManagementStatus errorCode)
   在 System.Management.ManagementEventWatcher.Start()
   在 AURORA.Wpf.Services.IntegrityGuardService.StartWmiMonitoring() 位置 g:\PowerShellBat\AURORA-Analyzer\AURORA-Analyzer-Factory-Dev\AURORA-Analyzer-Factory\AURORA.Wpf\Services\IntegrityGuardService.cs:行号 1186
[2026-07-01 09:57:09] Initialized 0 file hashes in whitelist
[2026-07-01 09:58:37] EXCEPTION in StartWmiMonitoring: System.Management.ManagementException: 拒绝访问 
StackTrace:
   在 System.Management.ManagementException.ThrowWithExtendedInfo(ManagementStatus errorCode)
   在 System.Management.ManagementEventWatcher.Start()
   在 AURORA.Wpf.Services.IntegrityGuardService.StartWmiMonitoring() 位置 g:\PowerShellBat\AURORA-Analyzer\AURORA-Analyzer-Factory-Dev\AURORA-Analyzer-Factory\AURORA.Wpf\Services\IntegrityGuardService.cs:行号 1186
[2026-07-01 09:58:46] RecheckEngineIntegrity: file tampering -> FILE_MISSING:CoreEngine
[2026-07-01 10:15:01] Initialized 0 file hashes in whitelist
[2026-07-01 10:45:38] Initialized 0 file hashes in whitelist
[2026-07-01 10:46:48] EXCEPTION in StartWmiMonitoring: System.Management.ManagementException: 拒绝访问 
StackTrace:
   在 System.Management.ManagementException.ThrowWithExtendedInfo(ManagementStatus errorCode)
   在 System.Management.ManagementEventWatcher.Start()
   在 AURORA.Wpf.Services.IntegrityGuardService.StartWmiMonitoring() 位置 g:\PowerShellBat\AURORA-Analyzer\AURORA-Analyzer-Factory-Dev\AURORA-Analyzer-Factory\AURORA.Wpf\Services\IntegrityGuardService.cs:行号 1186
[2026-07-01 10:47:04] RecheckEngineIntegrity: file tampering -> FILE_MISSING:CoreEngine
[2026-07-01 10:51:01] Initialized 0 file hashes in whitelist
[2026-07-01 10:51:31] EXCEPTION in StartWmiMonitoring: System.Management.ManagementException: 拒绝访问 
StackTrace:
   在 System.Management.ManagementException.ThrowWithExtendedInfo(ManagementStatus errorCode)
   在 System.Management.ManagementEventWatcher.Start()
   在 AURORA.Wpf.Services.IntegrityGuardService.StartWmiMonitoring() 位置 g:\PowerShellBat\AURORA-Analyzer\AURORA-Analyzer-Factory-Dev\AURORA-Analyzer-Factory\AURORA.Wpf\Services\IntegrityGuardService.cs:行号 1186
[2026-07-01 11:04:46] Initialized 0 file hashes in whitelist
[2026-07-01 11:05:26] EXCEPTION in StartWmiMonitoring: System.Management.ManagementException: 拒绝访问 
StackTrace:
   在 System.Management.ManagementException.ThrowWithExtendedInfo(ManagementStatus errorCode)
   在 System.Management.ManagementEventWatcher.Start()
   在 AURORA.Wpf.Services.IntegrityGuardService.StartWmiMonitoring() 位置 g:\PowerShellBat\AURORA-Analyzer\AURORA-Analyzer-Factory-Dev\AURORA-Analyzer-Factory\AURORA.Wpf\Services\IntegrityGuardService.cs:行号 1186
[2026-07-01 11:05:42] RecheckEngineIntegrity: file tampering -> FILE_MISSING:CoreEngine
[2026-07-01 11:30:53] Initialized 0 file hashes in whitelist
[2026-07-01 11:31:34] EXCEPTION in StartWmiMonitoring: System.Management.ManagementException: 拒绝访问 
StackTrace:
   在 System.Management.ManagementException.ThrowWithExtendedInfo(ManagementStatus errorCode)
   在 System.Management.ManagementEventWatcher.Start()
   在 AURORA.Wpf.Services.IntegrityGuardService.StartWmiMonitoring() 位置 g:\PowerShellBat\AURORA-Analyzer\AURORA-Analyzer-Factory-Dev\AURORA-Analyzer-Factory\AURORA.Wpf\Services\IntegrityGuardService.cs:行号 1186
[2026-07-01 11:31:50] RecheckEngineIntegrity: file tampering -> FILE_MISSING:CoreEngine
[2026-07-01 11:34:01] Initialized 0 file hashes in whitelist
[2026-07-01 11:34:56] EXCEPTION in StartWmiMonitoring: System.Management.ManagementException: 拒绝访问 
StackTrace:
   在 System.Management.ManagementException.ThrowWithExtendedInfo(ManagementStatus errorCode)
   在 System.Management.ManagementEventWatcher.Start()
   在 AURORA.Wpf.Services.IntegrityGuardService.StartWmiMonitoring() 位置 g:\PowerShellBat\AURORA-Analyzer\AURORA-Analyzer-Factory-Dev\AURORA-Analyzer-Factory\AURORA.Wpf\Services\IntegrityGuardService.cs:行号 1186
[2026-07-01 11:35:07] RecheckEngineIntegrity: file tampering -> FILE_MISSING:CoreEngine
[2026-07-01 11:36:30] Initialized 0 file hashes in whitelist
[2026-07-01 12:35:39] Initialized 0 file hashes in whitelist
[2026-07-01 13:00:56] Initialized 0 file hashes in whitelist
[2026-07-01 13:01:24] Initialized 0 file hashes in whitelist
[2026-07-01 13:14:41] Initialized 0 file hashes in whitelist
[2026-07-01 13:16:45] Initialized 0 file hashes in whitelist
[2026-07-01 13:20:50] Initialized 0 file hashes in whitelist
[2026-07-01 13:46:26] Initialized 0 file hashes in whitelist
[2026-07-01 13:46:49] EXCEPTION in StartWmiMonitoring: System.Management.ManagementException: 拒绝访问 
StackTrace:
   在 System.Management.ManagementException.ThrowWithExtendedInfo(ManagementStatus errorCode)
   在 System.Management.ManagementEventWatcher.Start()
   在 AURORA.Wpf.Services.IntegrityGuardService.StartWmiMonitoring() 位置 g:\PowerShellBat\AURORA-Analyzer\AURORA-Analyzer-Factory-Dev\AURORA-Analyzer-Factory\AURORA.Wpf\Services\IntegrityGuardService.cs:行号 1186
[2026-07-01 13:46:52] RecheckEngineIntegrity: file tampering -> FILE_MISSING:CoreEngine
[2026-07-01 13:51:12] Initialized 0 file hashes in whitelist
[2026-07-01 13:51:37] EXCEPTION in StartWmiMonitoring: System.Management.ManagementException: 拒绝访问 
StackTrace:
   在 System.Management.ManagementException.ThrowWithExtendedInfo(ManagementStatus errorCode)
   在 System.Management.ManagementEventWatcher.Start()
   在 AURORA.Wpf.Services.IntegrityGuardService.StartWmiMonitoring() 位置 g:\PowerShellBat\AURORA-Analyzer\AURORA-Analyzer-Factory-Dev\AURORA-Analyzer-Factory\AURORA.Wpf\Services\IntegrityGuardService.cs:行号 1186
[2026-07-01 13:51:39] RecheckEngineIntegrity: file tampering -> FILE_MISSING:CoreEngine
