[2026-07-27 17:32:41] >>> StartAnalysisAsync entered
[2026-07-27 17:32:41] >>> [安全] 引擎完整性检查通过
[2026-07-27 17:32:41] 💻 硬件评估层级: [Extreme]
[2026-07-27 17:32:41] ⚠️ 管理员权限：未获取 - 部分功能受限
[2026-07-27 17:32:41] >>> 正在执行分析...
[2026-07-27 17:32:41] >>> 启动智能诊断与自主修复模式引擎...
[2026-07-27 17:32:42] [安全守卫] 正在初始化 (第 1 次)...
[2026-07-27 17:32:42] [安全守卫] baseForGuard: G:\PowerShellBat\AURORA-Analyzer\AURORA-AnalyzeV1.5.29.1Release\Scripts\Engines
[2026-07-27 17:32:42] [安全守卫] rootDir: G:\PowerShellBat\AURORA-Analyzer\AURORA-AnalyzeV1.5.29.1Release
[2026-07-27 17:32:42] [安全守卫] 初始化成功
[2026-07-27 17:32:42] [诊断] 正在执行环境安全扫描...
[2026-07-27 17:32:42] [诊断] 扫描结果: NONE
[2026-07-27 17:32:42] [安全守卫] 启动环境扫描完成 - 安全
[2026-07-27 17:32:42] [安全守卫] 持续性检测已跳过（AuroraGuardSkipMonitoring=true）
[2026-07-27 17:32:42] [安全守卫] WMI 实时监控已跳过（AuroraGuardSkipMonitoring=true）
[2026-07-27 17:32:42] [17:32:42] 🤖 正在初始化 AURORA 智能诊断与自主修复引擎...
[2026-07-27 17:32:43] [17:32:43] 🖥️ 操作系统: Microsoft Windows 11 教育版
[2026-07-27 17:32:43] [17:32:43] ⏱️ 系统连续运行时间: 245.71 小时
[2026-07-27 17:32:43] [17:32:43] ✅ 运行时间达标且未见近期崩溃。
[2026-07-27 17:32:43] 🎯 靶向锁定: 常规 24H 健康巡检 (范围: 07-26 17:32 ~ 07-27 17:32)
[2026-07-27 17:32:44] [17:32:43] ⚡ 正在从内核提取高危日志 (Critical/Error/Warning)...
[2026-07-27 17:32:44] [17:32:43] 🔍 正在从系统实时提取日志...
[2026-07-27 17:32:44] [17:32:44] 📦 成功提取并轻量化 78 条异常事件记录。
[2026-07-27 17:32:44] [17:32:44] 🧠 正在装载并预编译 AURORA-TechData 知识图谱...
[2026-07-27 17:32:44] [17:32:44] Knowledge base cached (10.10546875.ToString('F1') KB)
[2026-07-27 17:32:44] [17:32:44] ✅ 图谱装载完成，激活 32 条诊断规则。开始极速碰撞...
[2026-07-27 17:32:44] [17:32:44] 🎯 碰撞分析完成！发现 0 类已知高危问题。
[2026-07-27 17:32:44] [17:32:44] 🎉 完美！系统当前未命中任何高危规则，运行状态极佳！
[2026-07-27 17:32:44] [17:32:44] 👋 智能引擎分析完毕，进程安全退出。
[2026-07-27 17:32:44] >>> 分析完成
[2026-07-27 17:32:44] [安全守卫] 正在初始化 (第 1 次)...
[2026-07-27 17:32:44] [安全守卫] baseForGuard: G:\PowerShellBat\AURORA-Analyzer\AURORA-AnalyzeV1.5.29.1Release\Scripts\Engines
[2026-07-27 17:32:44] [安全守卫] rootDir: G:\PowerShellBat\AURORA-Analyzer\AURORA-AnalyzeV1.5.29.1Release
[2026-07-27 17:32:44] [安全守卫] 初始化成功
[2026-07-27 17:32:44] [诊断] 正在执行环境安全扫描...
[2026-07-27 17:32:44] [诊断] 扫描结果: NONE
[2026-07-27 17:32:44] [安全守卫] 启动环境扫描完成 - 安全
[2026-07-27 17:32:44] [安全守卫] 持续性检测已跳过（AuroraGuardSkipMonitoring=true）
[2026-07-27 17:32:44] [安全守卫] WMI 实时监控已跳过（AuroraGuardSkipMonitoring=true）
[2026-07-27 17:32:44] [17:32:42] 🤖 正在初始化 AURORA 智能诊断与自主修复引擎...
[2026-07-27 17:32:44] [17:32:43] 🖥️ 操作系统: Microsoft Windows 11 教育版
[2026-07-27 17:32:44] [17:32:43] ⏱️ 系统连续运行时间: 245.71 小时
[2026-07-27 17:32:44] [17:32:43] ✅ 运行时间达标且未见近期崩溃。
[2026-07-27 17:32:44] 🎯 靶向锁定: 常规 24H 健康巡检 (范围: 07-26 17:32 ~ 07-27 17:32)
[2026-07-27 17:32:44] [17:32:43] ⚡ 正在从内核提取高危日志 (Critical/Error/Warning)...
[2026-07-27 17:32:44] [17:32:43] 🔍 正在从系统实时提取日志...
[2026-07-27 17:32:44] [17:32:44] 📦 成功提取并轻量化 78 条异常事件记录。
[2026-07-27 17:32:44] [17:32:44] 🧠 正在装载并预编译 AURORA-TechData 知识图谱...
[2026-07-27 17:32:44] [17:32:44] Knowledge base cached (10.10546875.ToString('F1') KB)
[2026-07-27 17:32:44] [17:32:44] ✅ 图谱装载完成，激活 32 条诊断规则。开始极速碰撞...
[2026-07-27 17:32:44] [17:32:44] 🎯 碰撞分析完成！发现 0 类已知高危问题。
[2026-07-27 17:32:44] [17:32:44] 🎉 完美！系统当前未命中任何高危规则，运行状态极佳！
[2026-07-27 17:32:44] [17:32:44] 👋 智能引擎分析完毕，进程安全退出。
